[phase2b_budget] 75 runs, 0 complete, 75 pending in 5 shape groups on 1 tpu device(s)
  permuted T=10 K=128 psb M=25 n=100: 15 runs, 31/device, 1 chunk(s)
  permuted T=10 K=128 psb M=25 n=200: 15 runs, 31/device, 1 chunk(s)
  permuted T=10 K=128 psb M=25 n=400: 15 runs, 31/device, 1 chunk(s)
  permuted T=10 K=128 psb M=25 n=800: 15 runs, 31/device, 1 chunk(s)
  permuted T=10 K=128 psb M=25 n=1600: 15 runs, 31/device, 1 chunk(s)
[phase2b_budget] workload ~419 base-run equivalents (1 = 10-task Permuted MNIST, K=128, 2,500 moves/boundary)
[phase2b_budget g1/5 c1/1] task 1/10 runs=15 92.5s mean avg acc 0.9786
[phase2b_budget g1/5 c1/1] task 2/10 runs=15 62.4s mean avg acc 0.9697
[phase2b_budget g1/5 c1/1] task 3/10 runs=15 47.9s mean avg acc 0.9617
[phase2b_budget g1/5 c1/1] task 4/10 runs=15 48.0s mean avg acc 0.9551
[phase2b_budget g1/5 c1/1] task 5/10 runs=15 48.0s mean avg acc 0.9494
[phase2b_budget g1/5 c1/1] task 6/10 runs=15 48.1s mean avg acc 0.9414
[phase2b_budget g1/5 c1/1] task 7/10 runs=15 48.2s mean avg acc 0.9330
[phase2b_budget g1/5 c1/1] task 8/10 runs=15 48.3s mean avg acc 0.9255
[phase2b_budget g1/5 c1/1] task 9/10 runs=15 48.3s mean avg acc 0.9154
[phase2b_budget g1/5 c1/1] task 10/10 runs=15 48.4s mean avg acc 0.9082
[phase2b_budget g2/5 c1/1] task 1/10 runs=15 50.6s mean avg acc 0.9786
[phase2b_budget g2/5 c1/1] task 2/10 runs=15 108.6s mean avg acc 0.9727
[phase2b_budget g2/5 c1/1] task 3/10 runs=15 94.3s mean avg acc 0.9657
[phase2b_budget g2/5 c1/1] task 4/10 runs=15 94.4s mean avg acc 0.9594
[phase2b_budget g2/5 c1/1] task 5/10 runs=15 94.4s mean avg acc 0.9538
[phase2b_budget g2/5 c1/1] task 6/10 runs=15 94.5s mean avg acc 0.9456
[phase2b_budget g2/5 c1/1] task 7/10 runs=15 94.6s mean avg acc 0.9368
[phase2b_budget g2/5 c1/1] task 8/10 runs=15 94.7s mean avg acc 0.9292
[phase2b_budget g2/5 c1/1] task 9/10 runs=15 94.8s mean avg acc 0.9190
[phase2b_budget g2/5 c1/1] task 10/10 runs=15 94.8s mean avg acc 0.9117
[phase2b_budget g3/5 c1/1] task 1/10 runs=15 50.6s mean avg acc 0.9786
[phase2b_budget g3/5 c1/1] task 2/10 runs=15 201.9s mean avg acc 0.9744
[phase2b_budget g3/5 c1/1] task 3/10 runs=15 187.2s mean avg acc 0.9681
[phase2b_budget g3/5 c1/1] task 4/10 runs=15 187.2s mean avg acc 0.9618
[phase2b_budget g3/5 c1/1] task 5/10 runs=15 187.3s mean avg acc 0.9559
[phase2b_budget g3/5 c1/1] task 6/10 runs=15 187.4s mean avg acc 0.9474
[phase2b_budget g3/5 c1/1] task 7/10 runs=15 187.4s mean avg acc 0.9384
[phase2b_budget g3/5 c1/1] task 8/10 runs=15 187.5s mean avg acc 0.9308
[phase2b_budget g3/5 c1/1] task 9/10 runs=15 187.6s mean avg acc 0.9202
[phase2b_budget g3/5 c1/1] task 10/10 runs=15 187.6s mean avg acc 0.9122
[phase2b_budget g4/5 c1/1] task 1/10 runs=15 50.6s mean avg acc 0.9786
[phase2b_budget g4/5 c1/1] task 2/10 runs=15 387.8s mean avg acc 0.9755
[phase2b_budget g4/5 c1/1] task 3/10 runs=15 372.9s mean avg acc 0.9693
[phase2b_budget g4/5 c1/1] task 4/10 runs=15 372.9s mean avg acc 0.9628
[phase2b_budget g4/5 c1/1] task 5/10 runs=15 373.0s mean avg acc 0.9568
[phase2b_budget g4/5 c1/1] task 6/10 runs=15 373.2s mean avg acc 0.9481
[phase2b_budget g4/5 c1/1] task 7/10 runs=15 373.2s mean avg acc 0.9388
[phase2b_budget g4/5 c1/1] task 8/10 runs=15 373.3s mean avg acc 0.9310
[phase2b_budget g4/5 c1/1] task 9/10 runs=15 373.5s mean avg acc 0.9201
[phase2b_budget g4/5 c1/1] task 10/10 runs=15 373.5s mean avg acc 0.9122
[phase2b_budget g5/5 c1/1] task 1/10 runs=15 50.6s mean avg acc 0.9786
[phase2b_budget g5/5 c1/1] task 2/10 runs=15 759.5s mean avg acc 0.9757
[phase2b_budget g5/5 c1/1] task 3/10 runs=15 744.5s mean avg acc 0.9696
[phase2b_budget g5/5 c1/1] task 4/10 runs=15 744.5s mean avg acc 0.9632
[phase2b_budget g5/5 c1/1] task 5/10 runs=15 744.5s mean avg acc 0.9570
[phase2b_budget g5/5 c1/1] task 6/10 runs=15 744.7s mean avg acc 0.9479
[phase2b_budget g5/5 c1/1] task 7/10 runs=15 744.7s mean avg acc 0.9384
[phase2b_budget g5/5 c1/1] task 8/10 runs=15 744.7s mean avg acc 0.9307
[phase2b_budget g5/5 c1/1] task 9/10 runs=15 744.9s mean avg acc 0.9195
[phase2b_budget g5/5 c1/1] task 10/10 runs=15 745.0s mean avg acc 0.9114
[phase2b_budget] done in 3.76 h
